// Jest Snapshot v1, https://goo.gl/fbAQLP

exports[`Link renders 1`] = `
<a
  href="https://www.sentry.io/"
  rel="noopener noreferrer"
  target="_blank"
/>
`;
